[WILDCARD]
error: Uncaught TypeError: Cannot resolve extension for "[WILDCARD]config.json" with mediaType "Json".
    at getExtension ($deno$/compiler.ts:[WILDCARD])
    at new SourceFile ($deno$/compiler.ts:[WILDCARD])
    at Function.addToCache ($deno$/compiler.ts:[WILDCARD])
    at buildSourceFileCache ($deno$/compiler.ts:[WILDCARD])
    at compile ($deno$/compiler.ts:[WILDCARD])
    at tsCompilerOnMessage ($deno$/compiler.ts:[WILDCARD])
[WILDCARD]