local: [WILDCARD]http[WILDCARD]127.0.0.1_PORT4545[WILDCARD]
type: TypeScript
compiled: [WILDCARD].js
map: [WILDCARD].js.map
deps:
http://127.0.0.1:4545/cli/tests/019_media_types.ts
  ├── http://localhost:4545/cli/tests/subdir/mt_text_typescript.t1.ts
  ├── http://localhost:4545/cli/tests/subdir/mt_video_vdn.t2.ts
  ├── http://localhost:4545/cli/tests/subdir/mt_video_mp2t.t3.ts
  ├── http://localhost:4545/cli/tests/subdir/mt_application_x_typescript.t4.ts
  ├── http://localhost:4545/cli/tests/subdir/mt_text_javascript.j1.js
  ├── http://localhost:4545/cli/tests/subdir/mt_application_ecmascript.j2.js
  ├── http://localhost:4545/cli/tests/subdir/mt_text_ecmascript.j3.js
  └── http://localhost:4545/cli/tests/subdir/mt_application_x_javascript.j4.js
