Cannot find module "http://127.0.0.1:4545/cli/tests/019_media_types.ts" in cache, --cached-only is specified
