Module { isMod4: true, Symbol(Symbol.toStringTag): "Module" }
