Proxy server listening on [WILDCARD]
Proxy request to: http://localhost:4545/std/examples/colors.ts
Proxy request to: http://localhost:4545/std/examples/colors.ts
Proxy request to: http://localhost:4545/std/fmt/colors.ts
