local: [WILDCARD]http[WILDCARD]127.0.0.1_PORT4545[WILDCARD]
type: TypeScript
compiled: [WILDCARD]048_media_types_jsx.ts.js
map: [WILDCARD]048_media_types_jsx.ts.js.map
deps:
http://127.0.0.1:4545/cli/tests/048_media_types_jsx.ts
  ├── http://localhost:4545/cli/tests/subdir/mt_text_typescript_tsx.t1.tsx
  ├── http://localhost:4545/cli/tests/subdir/mt_video_vdn_tsx.t2.tsx
  ├── http://localhost:4545/cli/tests/subdir/mt_video_mp2t_tsx.t3.tsx
  ├── http://localhost:4545/cli/tests/subdir/mt_application_x_typescript_tsx.t4.tsx
  ├── http://localhost:4545/cli/tests/subdir/mt_text_javascript_jsx.j1.jsx
  ├── http://localhost:4545/cli/tests/subdir/mt_application_ecmascript_jsx.j2.jsx
  ├── http://localhost:4545/cli/tests/subdir/mt_text_ecmascript_jsx.j3.jsx
  └── http://localhost:4545/cli/tests/subdir/mt_application_x_javascript_jsx.j4.jsx
