[WILDCARD]
running 7 tests
test runGranted ... ok [WILDCARD]
test readGranted ... ok [WILDCARD]
test writeGranted ... ok [WILDCARD]
test netGranted ... ok [WILDCARD]
test envGranted ... ok [WILDCARD]
test pluginGranted ... ok [WILDCARD]
test hrtimeGranted ... ok [WILDCARD]

test result: ok. 7 passed; 0 failed; 0 ignored; 0 measured; 0 filtered out [WILDCARD]
