[WILDCARD]running 1 tests
test def ... ok ([WILDCARD])

test result: ok. 1 passed; 0 failed; 0 ignored; 0 measured; 0 filtered out ([WILDCARD])

FAILED because the "only" option was used

