error: Uncaught TypeError: Cannot resolve module "[WILDCARD]/bad-module.ts" from "[WILDCARD]/error_005_missing_dynamic_import.ts"
