[WILDCARD]
error: Remote modules are not allowed to statically import local modules. Use dynamic import instead.
Imported from "[WILDCARD]error_local_static_import_from_remote.ts:1"
