[WILDCARD]
error: TS2532 [ERROR]: Object is possibly 'undefined'.
    at [WILDCARD]tests/error_017_hide_long_source_ts.ts:2:1
