[WILDCARD]error: Uncaught Error: bad
  throw Error("bad");
        ^
    at foo ([WILDCARD]tests/error_001.ts:2:9)
    at bar ([WILDCARD]tests/error_001.ts:6:3)
    at [WILDCARD]tests/error_001.ts:9:1
