[WILDCARD]error: Cannot resolve module "[WILDCARD]/bad-module.ts" from "[WILDCARD]/error_004_missing_module.ts"
Imported from "[WILDCARD]/error_004_missing_module.ts:2"
