[WILDCARD]error: Cannot resolve module "[WILDCARD]/non-existent" from "[WILDCARD]/error_006_import_ext_failure.ts"
Imported from "[WILDCARD]/error_006_import_ext_failure.ts:1"
