[WILDCARD]error: relative import path "bad-module.ts" not prefixed with / or ./ or ../ Imported from "[WILDCARD]/error_011_bad_module_specifier.ts"
