[WILDCARD]error: relative import path "baz" not prefixed with / or ./ or ../ Imported from "[WILDCARD]/type_definitions/bar.d.ts"
