[WILDCARD]
error: Found [WILDCARD] not formatted files
