Unstable API '--importmap'. The --unstable flag must be provided.
