[WILDCARD]Subresource integrity check failed --lock=lock_check_err2.json
http://localhost:4545/cli/tests/subdir/mt_text_ecmascript.j3.js
