Check [WILDCARD]single_compile_with_reload.ts
Check [WILDCARD]single_compile_with_reload_dyn.ts
Hello
1
2
