error: Unexpected token Some(RBrace) at [WILDCARD]syntax_error.ts:3:0
