[WILDCARD]
fetch_source_file specifier: file:[WILDCARD]cli/tests/subdir/type_reference.d.ts [WILDCARD]
[WILDCARD]