[WILDCARD]
DEBUG TS - compiler::host.getSourceFile file:[WILDCARD]cli/tests/subdir/type_reference.d.ts
[WILDCARD]