[WILDCARD]
DEBUG TS - compiler::host.getSourceFile http://127.0.0.1:4545/xTypeScriptTypes.d.ts
[WILDCARD]