error: Uncaught RuntimeError: unreachable
    at unreachable (<anonymous>:0:40)
    at [WILDCARD]/deno/cli/tests/wasm_unreachable.js:[WILDCARD]:18
